Return code: 0

=== STDOUT ===

================================================================================
  STEP 1: Running Phase1
================================================================================


>>> 從資料庫讀取 ServicePoint ...
    公司隔離：Dispatch Nav 通用展示公司 (generic_demo)，點位 1750 筆
✓ 成功讀取 1750 筆資料

================================================================================
>>> [Phase 1] Processing data from Django database
================================================================================
    ✓ 原始資料筆數: 1750

    ────────────────────────────────────────────────────────────
    執行節點濃縮 (Super-Node Aggregation)...
    ────────────────────────────────────────────────────────────
    ✓ 濃縮完成:
      - 原始工單數: 1750 筆
      - 濃縮後節點數: 1218 個
      - 壓縮率: 30.4%
      - 平均每節點工單數: 1.44 筆
      - 最多工單的節點: 11 筆

    ────────────────────────────────────────────────────────────
    執行錨點吸附 (Highway Anchoring)...
    ────────────────────────────────────────────────────────────
    ✓ 錨點吸附完成:
      - N1: 778 個節點
      - N3: 167 個節點
      - TH61: 149 個節點
      - TH64: 64 個節點
      - TH68: 39 個節點
      - TH65: 19 個節點
      - TH66: 2 個節點

================================================================================
>>> 資料處理完成: 1750 筆原始資料 -> 1218 個超級節點
================================================================================

[OK] CSV exported: C:\dev\15.0\route_system\output\processed_nodes_phase1.csv

================================================================================
>>> [Phase 2] 正在繪製互動地圖: C:\dev\15.0\route_system\output\maintenance_map_phase1.html
================================================================================
    ✓ 地圖中心點: (24.97211, 121.26415)
    ✓ 序號顏色對應: 1218 種序號
    正在繪製 40 個交流道錨點...
    正在繪製 2 個倉庫總部...
    正在渲染 1218 個客戶節點標記...
      處理進度: 500/1218
      處理進度: 1000/1218
    ✓ 地圖已成功生成: C:\dev\15.0\route_system\output\maintenance_map_phase1.html
================================================================================

[OK] Phase1 map exported: C:\dev\15.0\route_system\output\maintenance_map_phase1.html
[OK] Phase1 statistics:
  - Original orders: 1750
  - Aggregated nodes: 1218
  - Total service time: 14937.0 minutes

================================================================================
  STEP 2-NORMAL: Running phase2_scheduler.py
================================================================================

[OK] phase2_scheduler.py completed successfully
  Done! Saved Weekly_Schedule_Summary.xlsx, Daily_Route_Summary.xlsx, Weekly_Routing_Map.html
  Also saved Weekly_Unassigned_Strict.xlsx and Driver_Weekly_Load_Strict.xlsx
  Exporting route data to JSON...
   routes_new.json generated (at C:\dev\15.0\route_system\output\routes_new.json)
   routes_unassigned_strict.json generated (at C:\dev\15.0\route_system\output\routes_unassigned_strict.json)
  ========== STRICT SUMMARY ==========
  Routes used: 34
  Assigned tasks: 872
  Unassigned tasks: 346
  Cross-county routes: 0
  Overtime routes: 0
  ====================================

================================================================================
  STEP 2-CROSS: Running phase2_scheduler_cross_county.py
================================================================================

[OK] phase2_scheduler_cross_county.py completed successfully
  Total tasks generated: 1218
  Variant: cross
  Routes: 50
  Stops: 1218
  Service minutes: 14937.0
  Drive minutes: 25763.1
  Cross-county routes: 50
  phase2_scheduler_cross_county.py completed successfully

================================================================================
  STEP 2-COMPACT: Running phase2_scheduler_cross_county_compact.py
================================================================================

[OK] phase2_scheduler_cross_county_compact.py completed successfully
  Total tasks generated: 1218
  Variant: compact
  Routes: 50
  Stops: 410
  Service minutes: 8452.0
  Drive minutes: 12958.5
  Cross-county routes: 46
  Unassigned tasks: 808
  phase2_scheduler_cross_county_compact.py completed successfully

================================================================================
  STEP 3: Export Dashboard JSON / Old Routes / Dispatch Report
================================================================================

[OK] Dashboard assets completed
  - normal routes: 34
  - cross routes: 50
  - compact routes: 50
  - old routes: 70
  - latest report: C:\dev\15.0\route_system\output\Dispatch_Report_Latest.xlsx
  - stamped report: C:\dev\15.0\route_system\output\Dispatch_Report_20260618_153041.xlsx

================================================================================
  ALL DONE
================================================================================

Total elapsed time: 38.0 seconds
[OK] 你現在可以回首頁重新整理 Dashboard。


=== STDERR ===
